#-----------------------------------------------------------
# Vivado v2024.2 (64-bit)
# SW Build 5239630 on Fri Nov 08 22:35:27 MST 2024
# IP Build 5239520 on Sun Nov 10 16:12:51 MST 2024
# SharedData Build 5239561 on Fri Nov 08 14:39:27 MST 2024
# Start of session at: Tue May 20 00:06:32 2025
# Process ID         : 17976
# Current directory  : D:/SignedSPM/Test1/Test1.runs/impl_1
# Command line       : vivado.exe -log main.vdi -applog -product Vivado -messageDb vivado.pb -mode batch -source main.tcl -notrace
# Log file           : D:/SignedSPM/Test1/Test1.runs/impl_1/main.vdi
# Journal file       : D:/SignedSPM/Test1/Test1.runs/impl_1\vivado.jou
# Running On         : Y_ELMenshawy
# Platform           : Windows Server 2016 or Windows 10
# Operating System   : 26100
# Processor Detail   : 11th Gen Intel(R) Core(TM) i7-11800H @ 2.30GHz
# CPU Frequency      : 2304 MHz
# CPU Physical cores : 8
# CPU Logical cores  : 16
# Host memory        : 16948 MB
# Swap memory        : 1073 MB
# Total Virtual      : 18022 MB
# Available Virtual  : 2957 MB
#-----------------------------------------------------------
source main.tcl -notrace
